I'm sorry, but errors were detected in your script. Please correct the
errors listed below, and try again.


File "game/script.rpy", line 170: Line is indented, but the preceding say statement statement does not expect a block. Please check this line's indentation. You may have forgotten a colon (:).
    "Have an awesome day!"
    ^

Ren'Py Version: Ren'Py 8.3.3.24111502
Mon Jan 20 01:34:04 2025
